LX51 LINKER/LOCATER V4.66.100.0                                                         10/08/2025  22:35:41  PAGE 1


LX51 LINKER/LOCATER V4.66.100.0, INVOKED BY:
D:\KEIL_V5\C51\BIN\LX51.EXE .\Objects\STARTUP.obj, .\Objects\display.obj, .\Objects\main.obj, .\Objects\traffic_light.ob
>> j, .\Objects\timer.obj TO .\Objects\samrt_traffic_light_system PRINT (.\Listings\samrt_traffic_light_system.map) CLAS
>> SES (CODE (C:0X0-C:0X1FFF), CONST (C:0X0-C:0X1FFF), ECODE (C:0X0-C:0X1FFF), HCONST (C:0X0-C:0X1FFF))


CPU MODE:     8051 MODE
MEMORY MODEL: SMALL


INPUT MODULES INCLUDED:
  .\Objects\STARTUP.obj (?C_STARTUP)
         COMMENT TYPE 1: A51 / ASM51 Assembler
  .\Objects\display.obj (DISPLAY)
         COMMENT TYPE 0: C51 V9.60.7.0
  .\Objects\main.obj (MAIN)
         COMMENT TYPE 0: C51 V9.60.7.0
  .\Objects\traffic_light.obj (TRAFFIC_LIGHT)
         COMMENT TYPE 0: C51 V9.60.7.0
  .\Objects\timer.obj (TIMER)
         COMMENT TYPE 0: C51 V9.60.7.0
  D:\KEIL_V5\C51\LIB\C51S.LIB (?C_INIT)
         COMMENT TYPE 1: A51 / ASM51 Assembler
  D:\KEIL_V5\C51\LIB\C51S.LIB (?C?UIDIV)
         COMMENT TYPE 1: A51 / ASM51 Assembler


ACTIVE MEMORY CLASSES OF MODULE:  .\Objects\samrt_traffic_light_system (?C_STARTUP)

BASE        START       END         USED      MEMORY CLASS
==========================================================
C:000000H   C:000000H   C:001FFFH   0005C3H   CODE
C:000000H   C:000000H   C:001FFFH             CONST
C:000000H   C:000000H   C:001FFFH             ECODE
C:000000H   C:000000H   C:001FFFH             HCONST
I:000000H   I:000000H   I:0000FFH   000001H   IDATA
I:000000H   I:000000H   I:00007FH   000046H   DATA


MEMORY MAP OF MODULE:  .\Objects\samrt_traffic_light_system (?C_STARTUP)


START     STOP      LENGTH    ALIGN  RELOC    MEMORY CLASS   SEGMENT NAME
=========================================================================

* * * * * * * * * * *   D A T A   M E M O R Y   * * * * * * * * * * * * *
000000H   000007H   000008H   ---    AT..     DATA           "REG BANK 0"
000008H   000021H   00001AH   BYTE   UNIT     DATA           ?DT?TRAFFIC_LIGHT
000022H   00002FH   00000EH   BYTE   UNIT     DATA           ?DT?MAIN
000030H   000039H   00000AH   BYTE   UNIT     DATA           ?DT?DISPLAY
00003AH   000040H   000007H   BYTE   UNIT     DATA           _DATA_GROUP_
000041H   000042H   000002H   BYTE   UNIT     DATA           ?DT?_TEST_DELAYACCURACY?TIMER
000043H   000044H   000002H   BYTE   UNIT     DATA           ?DT?TIMER
000045H   000045H   000001H   BYTE   UNIT     DATA           ?DT?_DELAY_S?TIMER
000046H   000046H   000001H   BYTE   UNIT     IDATA          ?STACK

* * * * * * * * * * *   C O D E   M E M O R Y   * * * * * * * * * * * * *
000000H   000002H   000003H   ---    OFFS..   CODE           ?CO??C_STARTUP?0
000003H   00000AH   000008H   BYTE   INBLOCK  CODE           ?PR?DISPLAY_INIT?DISPLAY
00000BH   00000CH   000002H   BYTE   OFFS..   CODE           ?TRAFFIC_LIGHT?0000B
00000DH   00013CH   000130H   BYTE   INBLOCK  CODE           ?PR?KEYS_SCAN?MAIN
00013DH   0001DCH   0000A0H   BYTE   INBLOCK  CODE           ?PR?MAIN?MAIN
0001DDH   000264H   000088H   BYTE   INBLOCK  CODE           ?PR?TIMER0_ISR?TRAFFIC_LIGHT
000265H   0002C9H   000065H   BYTE   INBLOCK  CODE           ?PR?_DISPLAY_SHOWTIME?DISPLAY
0002CAH   000307H   00003EH   BYTE   INBLOCK  CODE           ?PR?_TEST_DELAYACCURACY?TIMER
000308H   00033AH   000033H   BYTE   INBLOCK  CODE           ?PR?SYSTEM_INIT?MAIN
LX51 LINKER/LOCATER V4.66.100.0                                                       10/08/2025  22:35:41  PAGE 2


00033BH   00036DH   000033H   BYTE   INBLOCK  CODE           ?PR?_SETTRAFFICLIGHTS?TRAFFIC_LIGHT
00036EH   000394H   000027H   BYTE   INBLOCK  CODE           ?PR?SHOWSETTINGCOLORLIGHTS?TRAFFIC_LIGHT
000395H   0003B5H   000021H   BYTE   INBLOCK  CODE           ?PR?HANDLETRAFFICLIGHTFLASH?TRAFFIC_LIGHT
0003B6H   0003D5H   000020H   BYTE   INBLOCK  CODE           ?PR?TIMER0_INIT?TRAFFIC_LIGHT
0003D6H   0003F1H   00001CH   BYTE   INBLOCK  CODE           ?PR?SWITCHTONEXTSTATE?TRAFFIC_LIGHT
0003F2H   000409H   000018H   BYTE   INBLOCK  CODE           ?PR?_DELAY_MS?TIMER
00040AH   000420H   000017H   BYTE   INBLOCK  CODE           ?PR?_DISPLAY_SHOWTIME_1S?DISPLAY
000421H   000434H   000014H   BYTE   INBLOCK  CODE           ?PR?_DELAY_S?TIMER
000435H   000443H   00000FH   BYTE   INBLOCK  CODE           ?PR?_DELAY_US?TIMER
000444H   000450H   00000DH   BYTE   INBLOCK  CODE           ?PR?UPDATESTATETIMETABLE?TRAFFIC_LIGHT
000451H   00045BH   00000BH   BYTE   INBLOCK  CODE           ?PR?DELAY_1MS?TIMER
00045CH   000461H   000006H   BYTE   INBLOCK  CODE           ?PR?RESET_SYSTEMTIME?TIMER
000462H   000466H   000005H   BYTE   INBLOCK  CODE           ?PR?GET_SYSTEMTIME_S?TIMER
000467H   0004F2H   00008CH   BYTE   UNIT     CODE           ?C_C51STARTUP
0004F3H   00056DH   00007BH   BYTE   UNIT     CODE           ?C_INITSEG
00056EH   0005C2H   000055H   BYTE   UNIT     CODE           ?C?LIB_CODE



OVERLAY MAP OF MODULE:   .\Objects\samrt_traffic_light_system (?C_STARTUP)


FUNCTION/MODULE                             BIT_GROUP   DATA_GROUP 
--> CALLED FUNCTION/MODULE                 START  STOP  START  STOP
===================================================================
?C_C51STARTUP                              ----- -----  ----- -----
  +--> MAIN/MAIN
  +--> ?C_INITSEG

MAIN/MAIN                                  ----- -----  003AH 003DH
  +--> SYSTEM_INIT/MAIN
  +--> KEYS_SCAN/MAIN

SYSTEM_INIT/MAIN                           ----- -----  ----- -----
  +--> DISPLAY_INIT/DISPLAY
  +--> _SETTRAFFICLIGHTS/TRAFFIC_LIGHT
  +--> TIMER0_INIT/TRAFFIC_LIGHT
  +--> _DISPLAY_SHOWTIME/DISPLAY
  +--> _DELAY_MS/TIMER

DISPLAY_INIT/DISPLAY                       ----- -----  ----- -----

_SETTRAFFICLIGHTS/TRAFFIC_LIGHT            ----- -----  ----- -----

TIMER0_INIT/TRAFFIC_LIGHT                  ----- -----  ----- -----

_DISPLAY_SHOWTIME/DISPLAY                  ----- -----  ----- -----

_DELAY_MS/TIMER                            ----- -----  ----- -----
  +--> DELAY_1MS/TIMER

DELAY_1MS/TIMER                            ----- -----  ----- -----

KEYS_SCAN/MAIN                             ----- -----  003EH 0040H
  +--> SHOWSETTINGCOLORLIGHTS/TRAFFIC_LIGHT
  +--> UPDATESTATETIMETABLE/TRAFFIC_LIGHT
  +--> _SETTRAFFICLIGHTS/TRAFFIC_LIGHT

SHOWSETTINGCOLORLIGHTS/TRAFFIC_LIGHT       ----- -----  ----- -----

UPDATESTATETIMETABLE/TRAFFIC_LIGHT         ----- -----  ----- -----

?C_INITSEG                                 ----- -----  ----- -----

*** NEW ROOT *****************************
LX51 LINKER/LOCATER V4.66.100.0                                                       10/08/2025  22:35:41  PAGE 3



TIMER0_ISR/TRAFFIC_LIGHT                   ----- -----  ----- -----
  +--> _DISPLAY_SHOWTIME/DISPLAY
  +--> SWITCHTONEXTSTATE/TRAFFIC_LIGHT

SWITCHTONEXTSTATE/TRAFFIC_LIGHT            ----- -----  ----- -----
  +--> _SETTRAFFICLIGHTS/TRAFFIC_LIGHT



PUBLIC SYMBOLS OF MODULE:  .\Objects\samrt_traffic_light_system (?C_STARTUP)


      VALUE       CLASS    TYPE      PUBLIC SYMBOL NAME
      =================================================
      00000000H   NUMBER   ---       ?C?CODESEG
      0100056EH   CODE     ---       ?C?UIDIV
      00000000H   NUMBER   ---       ?C?XDATASEG
      010004AEH   CODE     ---       ?C_START
      01000000H   CODE     ---       ?C_STARTUP
      010003F2H   CODE     ---       _Delay_ms
      01000421H   CODE     ---       _Delay_s
      01000435H   CODE     ---       _Delay_us
      01000265H   CODE     ---       _Display_ShowTime
      0100040AH   CODE     ---       _Display_ShowTime_1s
      0100033BH   CODE     ---       _SetTrafficLights
      010002CAH   CODE     ---       _Test_DelayAccuracy
*SFR* 000000D0H.6 DATA     BIT       AC
*SFR* 000000E0H   DATA     BYTE      ACC
*SFR* 000000F0H   DATA     BYTE      B
*SFR* 000000B0H.4 DATA     BIT       BLUETOOTH_RX
*SFR* 000000B0H.5 DATA     BIT       BLUETOOTH_TX
*SFR* 00000080H.3 DATA     BIT       BUZZER_PIN
*SFR* 000000C8H.1 DATA     BIT       C_T2
*SFR* 000000C8H.0 DATA     BIT       CP_RL2
      0000000BH   DATA     BYTE      currentState
*SFR* 000000D0H.7 DATA     BIT       CY
*SFR* 000000B0H.6 DATA     BIT       DEBUG_1S_PIN
*SFR* 000000B0H.7 DATA     BIT       DEBUG_STATE_PIN
*SFR* 000000A0H.6 DATA     BIT       DISPLAY_COM1
*SFR* 000000A0H.7 DATA     BIT       DISPLAY_COM2
      01000003H   CODE     ---       Display_Init
*SFR* 00000083H   DATA     BYTE      DPH
*SFR* 00000082H   DATA     BYTE      DPL
*SFR* 000000A8H.7 DATA     BIT       EA
*SFR* 000000A8H.4 DATA     BIT       ES
*SFR* 000000A8H.1 DATA     BIT       ET0
*SFR* 000000A8H.3 DATA     BIT       ET1
*SFR* 000000A8H.5 DATA     BIT       ET2
*SFR* 000000A0H.5 DATA     BIT       EW_GREEN_PIN
*SFR* 000000A0H.3 DATA     BIT       EW_RED_PIN
*SFR* 000000A0H.4 DATA     BIT       EW_YELLOW_PIN
      00000016H   DATA     BYTE      ewCurrentState
      0000002DH   DATA     BYTE      ewTime
      00000021H   DATA     BYTE      ewTimeLeft
*SFR* 000000A8H.0 DATA     BIT       EX0
*SFR* 000000A8H.2 DATA     BIT       EX1
*SFR* 000000C8H.3 DATA     BIT       EXEN2
*SFR* 000000C8H.6 DATA     BIT       EXF2
*SFR* 000000D0H.5 DATA     BIT       F0
      0000000FH   DATA     WORD      flashCount
      00000027H   DATA     BYTE      g_isSettingMode
      00000029H   DATA     BYTE      g_selectedColor
      0000002CH   DATA     BYTE      g_time_green
      00000028H   DATA     BYTE      g_time_red
LX51 LINKER/LOCATER V4.66.100.0                                                       10/08/2025  22:35:41  PAGE 4


      0000002FH   DATA     BYTE      g_time_yellow
      01000462H   CODE     ---       Get_SystemTime_s
      01000395H   CODE     ---       HandleTrafficLightFlash
*SFR* 000000A8H   DATA     BYTE      IE
*SFR* 00000088H.1 DATA     BIT       IE0
*SFR* 00000088H.3 DATA     BIT       IE1
*SFR* 000000B0H.2 DATA     BIT       INT0
*SFR* 000000B0H.3 DATA     BIT       INT1
*SFR* 000000B8H   DATA     BYTE      IP
*SFR* 000000B0H.6 DATA     BIT       IR_RECEIVE_PIN
*SFR* 000000B0H.6 DATA     BIT       IR_RECEIVER
      0000000CH   DATA     BYTE      isFlashing
*SFR* 00000088H.0 DATA     BIT       IT0
*SFR* 00000088H.2 DATA     BIT       IT1
*SFR* 00000080H.1 DATA     BIT       KEY_DOWN
*SFR* 00000080H.2 DATA     BIT       KEY_SET_MODE
*SFR* 00000080H.0 DATA     BIT       KEY_UP
      0100013DH   CODE     ---       main
*SFR* 000000A0H.2 DATA     BIT       NS_GREEN_PIN
*SFR* 000000A0H.0 DATA     BIT       NS_RED_PIN
*SFR* 000000A0H.1 DATA     BIT       NS_YELLOW_PIN
      00000017H   DATA     BYTE      nsCurrentState
      0000002EH   DATA     BYTE      nsTime
      00000008H   DATA     BYTE      nsTimeLeft
      0000002AH   DATA     BYTE      ones
*SFR* 000000D0H.2 DATA     BIT       OV
*SFR* 000000D0H.0 DATA     BIT       P
*SFR* 00000080H   DATA     BYTE      P0
*SFR* 00000090H   DATA     BYTE      P1
*SFR* 000000A0H   DATA     BYTE      P2
*SFR* 000000B0H   DATA     BYTE      P3
*SFR* 00000087H   DATA     BYTE      PCON
*SFR* 000000B8H.4 DATA     BIT       PS
*SFR* 000000D0H   DATA     BYTE      PSW
*SFR* 000000B8H.1 DATA     BIT       PT0
*SFR* 000000B8H.3 DATA     BIT       PT1
*SFR* 000000B8H.5 DATA     BIT       PT2
*SFR* 000000B8H.0 DATA     BIT       PX0
*SFR* 000000B8H.2 DATA     BIT       PX1
*SFR* 00000098H.2 DATA     BIT       RB8
*SFR* 000000CBH   DATA     BYTE      RCAP2H
*SFR* 000000CAH   DATA     BYTE      RCAP2L
*SFR* 000000C8H.5 DATA     BIT       RCLK
*SFR* 000000B0H.7 DATA     BIT       RD
*SFR* 00000098H.4 DATA     BIT       REN
      0100045CH   CODE     ---       Reset_SystemTime
*SFR* 00000098H.0 DATA     BIT       RI
*SFR* 000000D0H.3 DATA     BIT       RS0
*SFR* 000000D0H.4 DATA     BIT       RS1
*SFR* 000000B0H.0 DATA     BIT       RXD
*SFR* 00000099H   DATA     BYTE      SBUF
*SFR* 00000098H   DATA     BYTE      SCON
      0100036EH   CODE     ---       ShowSettingColorLights
*SFR* 00000098H.7 DATA     BIT       SM0
*SFR* 00000098H.6 DATA     BIT       SM1
*SFR* 00000098H.5 DATA     BIT       SM2
*SFR* 00000081H   DATA     BYTE      SP
      00000011H   DATA     ---       stateTimeTable
      010003D6H   CODE     ---       SwitchToNextState
      01000308H   CODE     ---       System_Init
      00000043H   DATA     WORD      systemTime_s
*SFR* 000000B0H.4 DATA     BIT       T0
*SFR* 000000B0H.5 DATA     BIT       T1
*SFR* 00000090H.0 DATA     BIT       T2
*SFR* 000000C8H   DATA     BYTE      T2CON
LX51 LINKER/LOCATER V4.66.100.0                                                       10/08/2025  22:35:41  PAGE 5


*SFR* 00000090H.1 DATA     BIT       T2EX
*SFR* 00000098H.3 DATA     BIT       TB8
*SFR* 000000C8H.4 DATA     BIT       TCLK
*SFR* 00000088H   DATA     BYTE      TCON
      0000002BH   DATA     BYTE      tens
*SFR* 00000088H.5 DATA     BIT       TF0
*SFR* 00000088H.7 DATA     BIT       TF1
*SFR* 000000C8H.7 DATA     BIT       TF2
*SFR* 0000008CH   DATA     BYTE      TH0
*SFR* 0000008DH   DATA     BYTE      TH1
*SFR* 000000CDH   DATA     BYTE      TH2
*SFR* 00000098H.1 DATA     BIT       TI
      00000015H   DATA     BYTE      timeLeft
      010003B6H   CODE     ---       Timer0_Init
      010001DDH   CODE     ---       Timer0_ISR
      00000018H   DATA     WORD      timer0Count
*SFR* 0000008AH   DATA     BYTE      TL0
*SFR* 0000008BH   DATA     BYTE      TL1
*SFR* 000000CCH   DATA     BYTE      TL2
*SFR* 00000089H   DATA     BYTE      TMOD
*SFR* 00000088H.4 DATA     BIT       TR0
*SFR* 00000088H.6 DATA     BIT       TR1
*SFR* 000000C8H.2 DATA     BIT       TR2
*SFR* 000000B0H.1 DATA     BIT       TXD
      01000444H   CODE     ---       UpdateStateTimeTable
*SFR* 000000B0H.6 DATA     BIT       WR



SYMBOL TABLE OF MODULE:  .\Objects\samrt_traffic_light_system (?C_STARTUP)

      VALUE       REP       CLASS    TYPE      SYMBOL NAME
      ====================================================
      ---         MODULE    ---      ---       ?C_STARTUP
      01000000H   PUBLIC    CODE     ---       ?C_STARTUP
      000000E0H   SYMBOL    DATA     ---       ACC
      000000F0H   SYMBOL    DATA     ---       B
      00000083H   SYMBOL    DATA     ---       DPH
      00000082H   SYMBOL    DATA     ---       DPL
      00000000H   SYMBOL    NUMBER   ---       IBPSTACK
      00000100H   SYMBOL    NUMBER   ---       IBPSTACKTOP
      00000080H   SYMBOL    NUMBER   ---       IDATALEN
      0100046AH   SYMBOL    CODE     ---       IDATALOOP
      00000000H   SYMBOL    NUMBER   ---       PBPSTACK
      00000100H   SYMBOL    NUMBER   ---       PBPSTACKTOP
      00000000H   SYMBOL    NUMBER   ---       PDATALEN
      00000000H   SYMBOL    NUMBER   ---       PDATASTART
      00000000H   SYMBOL    NUMBER   ---       PPAGE
      00000000H   SYMBOL    NUMBER   ---       PPAGEENABLE
      000000A0H   SYMBOL    DATA     ---       PPAGE_SFR
      00000081H   SYMBOL    DATA     ---       SP
      01000467H   SYMBOL    CODE     ---       STARTUP1
      00000000H   SYMBOL    NUMBER   ---       XBPSTACK
      00000000H   SYMBOL    NUMBER   ---       XBPSTACKTOP
      00000000H   SYMBOL    NUMBER   ---       XDATALEN
      00000000H   SYMBOL    NUMBER   ---       XDATASTART
      01000000H   LINE      CODE     ---       #126
      01000467H   LINE      CODE     ---       #133
      01000469H   LINE      CODE     ---       #134
      0100046AH   LINE      CODE     ---       #135
      0100046BH   LINE      CODE     ---       #136
      0100046DH   LINE      CODE     ---       #185
      01000470H   LINE      CODE     ---       #196

      ---         MODULE    ---      ---       DISPLAY
LX51 LINKER/LOCATER V4.66.100.0                                                       10/08/2025  22:35:41  PAGE 6


      0100040AH   PUBLIC    CODE     ---       _Display_ShowTime_1s
      01000265H   PUBLIC    CODE     ---       _Display_ShowTime
      01000003H   PUBLIC    CODE     ---       Display_Init
      00000080H   SFRSYM    DATA     BYTE      P0
      00000090H   SFRSYM    DATA     BYTE      P1
      000000A0H   SFRSYM    DATA     BYTE      P2
      000000B0H   SFRSYM    DATA     BYTE      P3
      00000080H.1 SFRSYM    DATA     BIT       KEY_DOWN
      000000B0H.4 SFRSYM    DATA     BIT       T0
      000000D0H.6 SFRSYM    DATA     BIT       AC
      000000B0H.5 SFRSYM    DATA     BIT       T1
      00000090H.0 SFRSYM    DATA     BIT       T2
      000000A8H.7 SFRSYM    DATA     BIT       EA
      000000A0H.6 SFRSYM    DATA     BIT       DISPLAY_COM1
      000000A0H.7 SFRSYM    DATA     BIT       DISPLAY_COM2
      000000A8H   SFRSYM    DATA     BYTE      IE
      000000B0H.7 SFRSYM    DATA     BIT       DEBUG_STATE_PIN
      000000B0H.6 SFRSYM    DATA     BIT       DEBUG_1S_PIN
      000000C8H.6 SFRSYM    DATA     BIT       EXF2
      000000B0H.7 SFRSYM    DATA     BIT       RD
      000000A8H.4 SFRSYM    DATA     BIT       ES
      000000B8H   SFRSYM    DATA     BYTE      IP
      00000098H.0 SFRSYM    DATA     BIT       RI
      000000B0H.2 SFRSYM    DATA     BIT       INT0
      000000D0H.7 SFRSYM    DATA     BIT       CY
      00000098H.1 SFRSYM    DATA     BIT       TI
      000000B0H.3 SFRSYM    DATA     BIT       INT1
      000000A0H.3 SFRSYM    DATA     BIT       EW_RED_PIN
      000000CBH   SFRSYM    DATA     BYTE      RCAP2H
      000000B8H.4 SFRSYM    DATA     BIT       PS
      00000081H   SFRSYM    DATA     BYTE      SP
      000000A0H.4 SFRSYM    DATA     BIT       EW_YELLOW_PIN
      00000090H.1 SFRSYM    DATA     BIT       T2EX
      000000D0H.2 SFRSYM    DATA     BIT       OV
      000000A0H.0 SFRSYM    DATA     BIT       NS_RED_PIN
      000000CAH   SFRSYM    DATA     BYTE      RCAP2L
      000000A0H.1 SFRSYM    DATA     BIT       NS_YELLOW_PIN
      000000C8H.1 SFRSYM    DATA     BIT       C_T2
      000000B0H.6 SFRSYM    DATA     BIT       WR
      00000080H.3 SFRSYM    DATA     BIT       BUZZER_PIN
      000000C8H.5 SFRSYM    DATA     BIT       RCLK
      000000C8H.4 SFRSYM    DATA     BIT       TCLK
      00000099H   SFRSYM    DATA     BYTE      SBUF
      00000087H   SFRSYM    DATA     BYTE      PCON
      00000098H   SFRSYM    DATA     BYTE      SCON
      00000089H   SFRSYM    DATA     BYTE      TMOD
      00000088H   SFRSYM    DATA     BYTE      TCON
      000000A0H.5 SFRSYM    DATA     BIT       EW_GREEN_PIN
      000000A0H.2 SFRSYM    DATA     BIT       NS_GREEN_PIN
      00000080H.2 SFRSYM    DATA     BIT       KEY_SET_MODE
      00000088H.1 SFRSYM    DATA     BIT       IE0
      00000088H.3 SFRSYM    DATA     BIT       IE1
      000000F0H   SFRSYM    DATA     BYTE      B
      000000C8H.0 SFRSYM    DATA     BIT       CP_RL2
      000000B0H.4 SFRSYM    DATA     BIT       BLUETOOTH_RX
      000000B0H.5 SFRSYM    DATA     BIT       BLUETOOTH_TX
      000000E0H   SFRSYM    DATA     BYTE      ACC
      000000A8H.1 SFRSYM    DATA     BIT       ET0
      000000B0H.6 SFRSYM    DATA     BIT       IR_RECEIVE_PIN
      000000A8H.3 SFRSYM    DATA     BIT       ET1
      00000088H.5 SFRSYM    DATA     BIT       TF0
      000000A8H.5 SFRSYM    DATA     BIT       ET2
      00000088H.7 SFRSYM    DATA     BIT       TF1
      000000C8H.7 SFRSYM    DATA     BIT       TF2
      00000098H.2 SFRSYM    DATA     BIT       RB8
LX51 LINKER/LOCATER V4.66.100.0                                                       10/08/2025  22:35:41  PAGE 7


      0000008CH   SFRSYM    DATA     BYTE      TH0
      000000A8H.0 SFRSYM    DATA     BIT       EX0
      00000088H.0 SFRSYM    DATA     BIT       IT0
      0000008DH   SFRSYM    DATA     BYTE      TH1
      00000098H.3 SFRSYM    DATA     BIT       TB8
      000000A8H.2 SFRSYM    DATA     BIT       EX1
      00000088H.2 SFRSYM    DATA     BIT       IT1
      000000CDH   SFRSYM    DATA     BYTE      TH2
      000000D0H.0 SFRSYM    DATA     BIT       P
      00000098H.7 SFRSYM    DATA     BIT       SM0
      0000008AH   SFRSYM    DATA     BYTE      TL0
      00000098H.6 SFRSYM    DATA     BIT       SM1
      0000008BH   SFRSYM    DATA     BYTE      TL1
      00000098H.5 SFRSYM    DATA     BIT       SM2
      000000CCH   SFRSYM    DATA     BYTE      TL2
      000000B0H.6 SFRSYM    DATA     BIT       IR_RECEIVER
      000000B8H.1 SFRSYM    DATA     BIT       PT0
      000000B8H.3 SFRSYM    DATA     BIT       PT1
      000000D0H.3 SFRSYM    DATA     BIT       RS0
      000000B8H.5 SFRSYM    DATA     BIT       PT2
      00000088H.4 SFRSYM    DATA     BIT       TR0
      000000D0H.4 SFRSYM    DATA     BIT       RS1
      00000088H.6 SFRSYM    DATA     BIT       TR1
      000000C8H.2 SFRSYM    DATA     BIT       TR2
      000000B8H.0 SFRSYM    DATA     BIT       PX0
      000000B8H.2 SFRSYM    DATA     BIT       PX1
      00000083H   SFRSYM    DATA     BYTE      DPH
      00000082H   SFRSYM    DATA     BYTE      DPL
      000000C8H.3 SFRSYM    DATA     BIT       EXEN2
      00000098H.4 SFRSYM    DATA     BIT       REN
      000000C8H   SFRSYM    DATA     BYTE      T2CON
      000000B0H.0 SFRSYM    DATA     BIT       RXD
      00000080H.0 SFRSYM    DATA     BIT       KEY_UP
      000000B0H.1 SFRSYM    DATA     BIT       TXD
      000000D0H.5 SFRSYM    DATA     BIT       F0
      000000D0H   SFRSYM    DATA     BYTE      PSW
      00000030H   SYMBOL    DATA     ---       segmentTable

      01000003H   BLOCK     CODE     ---       LVL=0
      01000003H   LINE      CODE     ---       #48
      01000003H   LINE      CODE     ---       #49
      01000003H   LINE      CODE     ---       #51
      01000006H   LINE      CODE     ---       #52
      01000008H   LINE      CODE     ---       #53
      0100000AH   LINE      CODE     ---       #54
      ---         BLOCKEND  ---      ---       LVL=0

      01000265H   BLOCK     CODE     ---       LVL=0
      00000007H   SYMBOL    DATA     BYTE      nsTime
      00000005H   SYMBOL    DATA     BYTE      ewTime
      01000265H   BLOCK     CODE     NEAR LAB  LVL=1
      00000006H   SYMBOL    DATA     WORD      i
      00000002H   SYMBOL    DATA     WORD      j
      ---         BLOCKEND  ---      ---       LVL=1
      01000265H   LINE      CODE     ---       #68
      01000265H   LINE      CODE     ---       #69
      01000265H   LINE      CODE     ---       #73
      0100026DH   LINE      CODE     ---       #74
      01000275H   LINE      CODE     ---       #78
      01000278H   LINE      CODE     ---       #79
      0100027AH   LINE      CODE     ---       #80
      0100027CH   LINE      CODE     ---       #82
      01000283H   LINE      CODE     ---       #85
      01000286H   LINE      CODE     ---       #86
      0100029FH   LINE      CODE     ---       #90
LX51 LINKER/LOCATER V4.66.100.0                                                       10/08/2025  22:35:41  PAGE 8


      010002A2H   LINE      CODE     ---       #91
      010002A4H   LINE      CODE     ---       #92
      010002A6H   LINE      CODE     ---       #94
      010002ADH   LINE      CODE     ---       #97
      010002B0H   LINE      CODE     ---       #98
      010002C9H   LINE      CODE     ---       #99
      ---         BLOCKEND  ---      ---       LVL=0

      0100040AH   BLOCK     CODE     ---       LVL=0
      00000001H   SYMBOL    DATA     BYTE      nsTime
      00000004H   SYMBOL    DATA     BYTE      ewTime
      0100040EH   BLOCK     CODE     NEAR LAB  LVL=1
      00000082H   SYMBOL    DATA     WORD      refresh_count
      ---         BLOCKEND  ---      ---       LVL=1
      0100040AH   LINE      CODE     ---       #112
      0100040EH   LINE      CODE     ---       #113
      0100040EH   LINE      CODE     ---       #117
      01000411H   LINE      CODE     ---       #118
      01000411H   LINE      CODE     ---       #119
      01000417H   LINE      CODE     ---       #120
      01000420H   LINE      CODE     ---       #121
      ---         BLOCKEND  ---      ---       LVL=0

      ---         MODULE    ---      ---       MAIN
      0000002FH   PUBLIC    DATA     BYTE      g_time_yellow
      0000002EH   PUBLIC    DATA     BYTE      nsTime
      0000002DH   PUBLIC    DATA     BYTE      ewTime
      0000002CH   PUBLIC    DATA     BYTE      g_time_green
      0000002BH   PUBLIC    DATA     BYTE      tens
      0000002AH   PUBLIC    DATA     BYTE      ones
      00000029H   PUBLIC    DATA     BYTE      g_selectedColor
      00000028H   PUBLIC    DATA     BYTE      g_time_red
      00000027H   PUBLIC    DATA     BYTE      g_isSettingMode
      0100013DH   PUBLIC    CODE     ---       main
      01000308H   PUBLIC    CODE     ---       System_Init
      00000080H   SFRSYM    DATA     BYTE      P0
      00000090H   SFRSYM    DATA     BYTE      P1
      000000A0H   SFRSYM    DATA     BYTE      P2
      000000B0H   SFRSYM    DATA     BYTE      P3
      00000080H.1 SFRSYM    DATA     BIT       KEY_DOWN
      000000B0H.4 SFRSYM    DATA     BIT       T0
      000000D0H.6 SFRSYM    DATA     BIT       AC
      000000B0H.5 SFRSYM    DATA     BIT       T1
      00000090H.0 SFRSYM    DATA     BIT       T2
      000000A8H.7 SFRSYM    DATA     BIT       EA
      000000A0H.6 SFRSYM    DATA     BIT       DISPLAY_COM1
      000000A0H.7 SFRSYM    DATA     BIT       DISPLAY_COM2
      000000A8H   SFRSYM    DATA     BYTE      IE
      000000B0H.7 SFRSYM    DATA     BIT       DEBUG_STATE_PIN
      000000B0H.6 SFRSYM    DATA     BIT       DEBUG_1S_PIN
      000000C8H.6 SFRSYM    DATA     BIT       EXF2
      000000B0H.7 SFRSYM    DATA     BIT       RD
      000000A8H.4 SFRSYM    DATA     BIT       ES
      000000B8H   SFRSYM    DATA     BYTE      IP
      00000098H.0 SFRSYM    DATA     BIT       RI
      000000B0H.2 SFRSYM    DATA     BIT       INT0
      000000D0H.7 SFRSYM    DATA     BIT       CY
      00000098H.1 SFRSYM    DATA     BIT       TI
      000000B0H.3 SFRSYM    DATA     BIT       INT1
      000000A0H.3 SFRSYM    DATA     BIT       EW_RED_PIN
      000000CBH   SFRSYM    DATA     BYTE      RCAP2H
      000000B8H.4 SFRSYM    DATA     BIT       PS
      00000081H   SFRSYM    DATA     BYTE      SP
      000000A0H.4 SFRSYM    DATA     BIT       EW_YELLOW_PIN
      00000090H.1 SFRSYM    DATA     BIT       T2EX
LX51 LINKER/LOCATER V4.66.100.0                                                       10/08/2025  22:35:41  PAGE 9


      000000D0H.2 SFRSYM    DATA     BIT       OV
      000000A0H.0 SFRSYM    DATA     BIT       NS_RED_PIN
      000000CAH   SFRSYM    DATA     BYTE      RCAP2L
      000000A0H.1 SFRSYM    DATA     BIT       NS_YELLOW_PIN
      000000C8H.1 SFRSYM    DATA     BIT       C_T2
      000000B0H.6 SFRSYM    DATA     BIT       WR
      00000080H.3 SFRSYM    DATA     BIT       BUZZER_PIN
      000000C8H.5 SFRSYM    DATA     BIT       RCLK
      000000C8H.4 SFRSYM    DATA     BIT       TCLK
      00000099H   SFRSYM    DATA     BYTE      SBUF
      00000087H   SFRSYM    DATA     BYTE      PCON
      00000098H   SFRSYM    DATA     BYTE      SCON
      00000089H   SFRSYM    DATA     BYTE      TMOD
      00000088H   SFRSYM    DATA     BYTE      TCON
      000000A0H.5 SFRSYM    DATA     BIT       EW_GREEN_PIN
      000000A0H.2 SFRSYM    DATA     BIT       NS_GREEN_PIN
      00000080H.2 SFRSYM    DATA     BIT       KEY_SET_MODE
      00000088H.1 SFRSYM    DATA     BIT       IE0
      00000088H.3 SFRSYM    DATA     BIT       IE1
      000000F0H   SFRSYM    DATA     BYTE      B
      000000C8H.0 SFRSYM    DATA     BIT       CP_RL2
      000000B0H.4 SFRSYM    DATA     BIT       BLUETOOTH_RX
      000000B0H.5 SFRSYM    DATA     BIT       BLUETOOTH_TX
      000000E0H   SFRSYM    DATA     BYTE      ACC
      000000A8H.1 SFRSYM    DATA     BIT       ET0
      000000B0H.6 SFRSYM    DATA     BIT       IR_RECEIVE_PIN
      000000A8H.3 SFRSYM    DATA     BIT       ET1
      00000088H.5 SFRSYM    DATA     BIT       TF0
      000000A8H.5 SFRSYM    DATA     BIT       ET2
      00000088H.7 SFRSYM    DATA     BIT       TF1
      000000C8H.7 SFRSYM    DATA     BIT       TF2
      00000098H.2 SFRSYM    DATA     BIT       RB8
      0000008CH   SFRSYM    DATA     BYTE      TH0
      000000A8H.0 SFRSYM    DATA     BIT       EX0
      00000088H.0 SFRSYM    DATA     BIT       IT0
      0000008DH   SFRSYM    DATA     BYTE      TH1
      00000098H.3 SFRSYM    DATA     BIT       TB8
      000000A8H.2 SFRSYM    DATA     BIT       EX1
      00000088H.2 SFRSYM    DATA     BIT       IT1
      000000CDH   SFRSYM    DATA     BYTE      TH2
      000000D0H.0 SFRSYM    DATA     BIT       P
      00000098H.7 SFRSYM    DATA     BIT       SM0
      0000008AH   SFRSYM    DATA     BYTE      TL0
      00000098H.6 SFRSYM    DATA     BIT       SM1
      0000008BH   SFRSYM    DATA     BYTE      TL1
      00000098H.5 SFRSYM    DATA     BIT       SM2
      000000CCH   SFRSYM    DATA     BYTE      TL2
      000000B0H.6 SFRSYM    DATA     BIT       IR_RECEIVER
      000000B8H.1 SFRSYM    DATA     BIT       PT0
      000000B8H.3 SFRSYM    DATA     BIT       PT1
      000000D0H.3 SFRSYM    DATA     BIT       RS0
      000000B8H.5 SFRSYM    DATA     BIT       PT2
      00000088H.4 SFRSYM    DATA     BIT       TR0
      000000D0H.4 SFRSYM    DATA     BIT       RS1
      00000088H.6 SFRSYM    DATA     BIT       TR1
      000000C8H.2 SFRSYM    DATA     BIT       TR2
      000000B8H.0 SFRSYM    DATA     BIT       PX0
      000000B8H.2 SFRSYM    DATA     BIT       PX1
      00000083H   SFRSYM    DATA     BYTE      DPH
      00000082H   SFRSYM    DATA     BYTE      DPL
      000000C8H.3 SFRSYM    DATA     BIT       EXEN2
      00000098H.4 SFRSYM    DATA     BIT       REN
      000000C8H   SFRSYM    DATA     BYTE      T2CON
      000000B0H.0 SFRSYM    DATA     BIT       RXD
      00000080H.0 SFRSYM    DATA     BIT       KEY_UP
LX51 LINKER/LOCATER V4.66.100.0                                                       10/08/2025  22:35:41  PAGE 10


      000000B0H.1 SFRSYM    DATA     BIT       TXD
      000000D0H.5 SFRSYM    DATA     BIT       F0
      000000D0H   SFRSYM    DATA     BYTE      PSW
      0100000DH   SYMBOL    CODE     ---       Keys_Scan

      01000308H   BLOCK     CODE     ---       LVL=0
      01000308H   LINE      CODE     ---       #69
      01000308H   LINE      CODE     ---       #70
      01000308H   LINE      CODE     ---       #72
      0100030CH   LINE      CODE     ---       #73
      01000312H   LINE      CODE     ---       #74
      01000318H   LINE      CODE     ---       #77
      0100031AH   LINE      CODE     ---       #109
      0100031DH   LINE      CODE     ---       #110
      01000326H   LINE      CODE     ---       #111
      01000329H   LINE      CODE     ---       #114
      0100032DH   LINE      CODE     ---       #117
      0100032FH   LINE      CODE     ---       #120
      01000335H   LINE      CODE     ---       #121
      ---         BLOCKEND  ---      ---       LVL=0

      0100000DH   BLOCK     CODE     ---       LVL=0
      0100000DH   BLOCK     CODE     NEAR LAB  LVL=1
      00000022H   SYMBOL    DATA     BYTE      lastSet
      00000023H   SYMBOL    DATA     BYTE      lastUp
      00000024H   SYMBOL    DATA     BYTE      lastDown
      00000025H   SYMBOL    DATA     WORD      debounceCnt
      0000003EH   SYMBOL    DATA     BYTE      curSet
      0000003FH   SYMBOL    DATA     BYTE      curUp
      00000040H   SYMBOL    DATA     BYTE      curDown
      ---         BLOCKEND  ---      ---       LVL=1
      0100000DH   LINE      CODE     ---       #140
      0100000DH   LINE      CODE     ---       #141
      0100000DH   LINE      CODE     ---       #144
      01000013H   LINE      CODE     ---       #145
      01000019H   LINE      CODE     ---       #146
      0100001FH   LINE      CODE     ---       #149
      01000032H   LINE      CODE     ---       #152
      01000047H   LINE      CODE     ---       #153
      0100004CH   LINE      CODE     ---       #154
      01000050H   LINE      CODE     ---       #155
      01000053H   LINE      CODE     ---       #156
      01000055H   LINE      CODE     ---       #158
      0100005BH   LINE      CODE     ---       #159
      0100005DH   LINE      CODE     ---       #160
      0100005FH   LINE      CODE     ---       #162
      01000061H   LINE      CODE     ---       #163
      01000068H   LINE      CODE     ---       #165
      0100006BH   LINE      CODE     ---       #166
      0100006DH   LINE      CODE     ---       #167
      01000071H   LINE      CODE     ---       #169
      01000088H   LINE      CODE     ---       #170
      0100008AH   LINE      CODE     ---       #171
      0100008CH   LINE      CODE     ---       #172
      0100008CH   LINE      CODE     ---       #173
      0100008CH   LINE      CODE     ---       #174
      0100008CH   LINE      CODE     ---       #177
      0100009BH   LINE      CODE     ---       #178
      010000AFH   LINE      CODE     ---       #179
      010000B4H   LINE      CODE     ---       #180
      010000B8H   LINE      CODE     ---       #183
      010000C0H   LINE      CODE     ---       #184
      010000C7H   LINE      CODE     ---       #185
      010000D0H   LINE      CODE     ---       #186
      010000D7H   LINE      CODE     ---       #187
LX51 LINKER/LOCATER V4.66.100.0                                                       10/08/2025  22:35:41  PAGE 11


      010000E0H   LINE      CODE     ---       #188
      010000E0H   LINE      CODE     ---       #189
      010000E6H   LINE      CODE     ---       #190
      010000E6H   LINE      CODE     ---       #191
      010000FBH   LINE      CODE     ---       #192
      01000100H   LINE      CODE     ---       #193
      01000104H   LINE      CODE     ---       #194
      0100010DH   LINE      CODE     ---       #195
      01000114H   LINE      CODE     ---       #196
      0100011DH   LINE      CODE     ---       #197
      01000124H   LINE      CODE     ---       #198
      0100012DH   LINE      CODE     ---       #199
      0100012DH   LINE      CODE     ---       #200
      01000133H   LINE      CODE     ---       #201
      01000133H   LINE      CODE     ---       #202
      01000133H   LINE      CODE     ---       #204
      01000136H   LINE      CODE     ---       #205
      01000139H   LINE      CODE     ---       #206
      0100013CH   LINE      CODE     ---       #207
      ---         BLOCKEND  ---      ---       LVL=0

      0100013DH   BLOCK     CODE     ---       LVL=0
      01000145H   BLOCK     CODE     NEAR LAB  LVL=1
      0000003AH   SYMBOL    DATA     BYTE      showValue
      0000003AH   SYMBOL    DATA     BYTE      tempState
      0000003BH   SYMBOL    DATA     BYTE      tempTimeLeft
      0000003CH   SYMBOL    DATA     BYTE      newNsTime
      0000003DH   SYMBOL    DATA     BYTE      newEwTime
      ---         BLOCKEND  ---      ---       LVL=1
      01000182H   BLOCK     CODE     NEAR LAB  LVL=1
      0000003AH   SYMBOL    DATA     BYTE      tempState
      0000003BH   SYMBOL    DATA     BYTE      tempTimeLeft
      0000003CH   SYMBOL    DATA     BYTE      newNsTime
      0000003DH   SYMBOL    DATA     BYTE      newEwTime
      ---         BLOCKEND  ---      ---       LVL=1
      0100013DH   LINE      CODE     ---       #219
      0100013DH   LINE      CODE     ---       #220
      0100013DH   LINE      CODE     ---       #222
      0100013FH   LINE      CODE     ---       #227
      0100013FH   LINE      CODE     ---       #229
      01000141H   LINE      CODE     ---       #231
      01000145H   LINE      CODE     ---       #234
      0100014EH   LINE      CODE     ---       #235
      01000158H   LINE      CODE     ---       #236
      0100015BH   LINE      CODE     ---       #238
      01000163H   LINE      CODE     ---       #239
      0100016CH   LINE      CODE     ---       #240
      01000176H   LINE      CODE     ---       #241
      01000178H   LINE      CODE     ---       #242
      0100017BH   LINE      CODE     ---       #243
      0100017EH   LINE      CODE     ---       #244
      01000180H   LINE      CODE     ---       #246
      01000182H   LINE      CODE     ---       #247
      01000182H   LINE      CODE     ---       #251
      01000182H   LINE      CODE     ---       #257
      01000184H   LINE      CODE     ---       #258
      01000187H   LINE      CODE     ---       #259
      0100018AH   LINE      CODE     ---       #260
      0100018CH   LINE      CODE     ---       #265
      0100019BH   LINE      CODE     ---       #266
      0100019BH   LINE      CODE     ---       #267
      0100019EH   LINE      CODE     ---       #269
      010001A4H   LINE      CODE     ---       #270
      010001A6H   LINE      CODE     ---       #272
      010001A6H   LINE      CODE     ---       #273
LX51 LINKER/LOCATER V4.66.100.0                                                       10/08/2025  22:35:41  PAGE 12


      010001A6H   LINE      CODE     ---       #274
      010001A6H   LINE      CODE     ---       #275
      010001A8H   LINE      CODE     ---       #277
      010001A8H   LINE      CODE     ---       #279
      010001AEH   LINE      CODE     ---       #280
      010001AEH   LINE      CODE     ---       #281
      010001B0H   LINE      CODE     ---       #283
      010001B0H   LINE      CODE     ---       #284
      010001B3H   LINE      CODE     ---       #285
      010001B6H   LINE      CODE     ---       #286
      010001B8H   LINE      CODE     ---       #288
      010001B8H   LINE      CODE     ---       #289
      010001BBH   LINE      CODE     ---       #290
      010001BDH   LINE      CODE     ---       #291
      010001BDH   LINE      CODE     ---       #292
      010001BDH   LINE      CODE     ---       #295
      010001C7H   LINE      CODE     ---       #296
      010001D1H   LINE      CODE     ---       #299
      010001D3H   LINE      CODE     ---       #300
      010001D6H   LINE      CODE     ---       #301
      010001D9H   LINE      CODE     ---       #302
      010001DBH   LINE      CODE     ---       #303
      010001DBH   LINE      CODE     ---       #317
      ---         BLOCKEND  ---      ---       LVL=0

      ---         MODULE    ---      ---       TRAFFIC_LIGHT
      00000021H   PUBLIC    DATA     BYTE      ewTimeLeft
      00000018H   PUBLIC    DATA     WORD      timer0Count
      00000017H   PUBLIC    DATA     BYTE      nsCurrentState
      00000016H   PUBLIC    DATA     BYTE      ewCurrentState
      00000015H   PUBLIC    DATA     BYTE      timeLeft
      00000011H   PUBLIC    DATA     ---       stateTimeTable
      0000000FH   PUBLIC    DATA     WORD      flashCount
      0000000CH   PUBLIC    DATA     BYTE      isFlashing
      0000000BH   PUBLIC    DATA     BYTE      currentState
      00000008H   PUBLIC    DATA     BYTE      nsTimeLeft
      0100036EH   PUBLIC    CODE     ---       ShowSettingColorLights
      01000444H   PUBLIC    CODE     ---       UpdateStateTimeTable
      010001DDH   PUBLIC    CODE     ---       Timer0_ISR
      010003B6H   PUBLIC    CODE     ---       Timer0_Init
      010003D6H   PUBLIC    CODE     ---       SwitchToNextState
      01000395H   PUBLIC    CODE     ---       HandleTrafficLightFlash
      0100033BH   PUBLIC    CODE     ---       _SetTrafficLights
      00000080H   SFRSYM    DATA     BYTE      P0
      00000090H   SFRSYM    DATA     BYTE      P1
      000000A0H   SFRSYM    DATA     BYTE      P2
      000000B0H   SFRSYM    DATA     BYTE      P3
      00000080H.1 SFRSYM    DATA     BIT       KEY_DOWN
      000000B0H.4 SFRSYM    DATA     BIT       T0
      000000D0H.6 SFRSYM    DATA     BIT       AC
      000000B0H.5 SFRSYM    DATA     BIT       T1
      00000090H.0 SFRSYM    DATA     BIT       T2
      000000A8H.7 SFRSYM    DATA     BIT       EA
      000000A0H.6 SFRSYM    DATA     BIT       DISPLAY_COM1
      000000A0H.7 SFRSYM    DATA     BIT       DISPLAY_COM2
      000000A8H   SFRSYM    DATA     BYTE      IE
      000000B0H.7 SFRSYM    DATA     BIT       DEBUG_STATE_PIN
      000000B0H.6 SFRSYM    DATA     BIT       DEBUG_1S_PIN
      000000C8H.6 SFRSYM    DATA     BIT       EXF2
      000000B0H.7 SFRSYM    DATA     BIT       RD
      000000A8H.4 SFRSYM    DATA     BIT       ES
      000000B8H   SFRSYM    DATA     BYTE      IP
      00000098H.0 SFRSYM    DATA     BIT       RI
      000000B0H.2 SFRSYM    DATA     BIT       INT0
      000000D0H.7 SFRSYM    DATA     BIT       CY
LX51 LINKER/LOCATER V4.66.100.0                                                       10/08/2025  22:35:41  PAGE 13


      00000098H.1 SFRSYM    DATA     BIT       TI
      000000B0H.3 SFRSYM    DATA     BIT       INT1
      000000A0H.3 SFRSYM    DATA     BIT       EW_RED_PIN
      000000CBH   SFRSYM    DATA     BYTE      RCAP2H
      000000B8H.4 SFRSYM    DATA     BIT       PS
      00000081H   SFRSYM    DATA     BYTE      SP
      000000A0H.4 SFRSYM    DATA     BIT       EW_YELLOW_PIN
      00000090H.1 SFRSYM    DATA     BIT       T2EX
      000000D0H.2 SFRSYM    DATA     BIT       OV
      000000A0H.0 SFRSYM    DATA     BIT       NS_RED_PIN
      000000CAH   SFRSYM    DATA     BYTE      RCAP2L
      000000A0H.1 SFRSYM    DATA     BIT       NS_YELLOW_PIN
      000000C8H.1 SFRSYM    DATA     BIT       C_T2
      000000B0H.6 SFRSYM    DATA     BIT       WR
      00000080H.3 SFRSYM    DATA     BIT       BUZZER_PIN
      000000C8H.5 SFRSYM    DATA     BIT       RCLK
      000000C8H.4 SFRSYM    DATA     BIT       TCLK
      00000099H   SFRSYM    DATA     BYTE      SBUF
      00000087H   SFRSYM    DATA     BYTE      PCON
      00000098H   SFRSYM    DATA     BYTE      SCON
      00000089H   SFRSYM    DATA     BYTE      TMOD
      00000088H   SFRSYM    DATA     BYTE      TCON
      000000A0H.5 SFRSYM    DATA     BIT       EW_GREEN_PIN
      000000A0H.2 SFRSYM    DATA     BIT       NS_GREEN_PIN
      00000080H.2 SFRSYM    DATA     BIT       KEY_SET_MODE
      00000088H.1 SFRSYM    DATA     BIT       IE0
      00000088H.3 SFRSYM    DATA     BIT       IE1
      000000F0H   SFRSYM    DATA     BYTE      B
      000000C8H.0 SFRSYM    DATA     BIT       CP_RL2
      000000B0H.4 SFRSYM    DATA     BIT       BLUETOOTH_RX
      000000B0H.5 SFRSYM    DATA     BIT       BLUETOOTH_TX
      000000E0H   SFRSYM    DATA     BYTE      ACC
      000000A8H.1 SFRSYM    DATA     BIT       ET0
      000000B0H.6 SFRSYM    DATA     BIT       IR_RECEIVE_PIN
      000000A8H.3 SFRSYM    DATA     BIT       ET1
      00000088H.5 SFRSYM    DATA     BIT       TF0
      000000A8H.5 SFRSYM    DATA     BIT       ET2
      00000088H.7 SFRSYM    DATA     BIT       TF1
      000000C8H.7 SFRSYM    DATA     BIT       TF2
      00000098H.2 SFRSYM    DATA     BIT       RB8
      0000008CH   SFRSYM    DATA     BYTE      TH0
      000000A8H.0 SFRSYM    DATA     BIT       EX0
      00000088H.0 SFRSYM    DATA     BIT       IT0
      0000008DH   SFRSYM    DATA     BYTE      TH1
      00000098H.3 SFRSYM    DATA     BIT       TB8
      000000A8H.2 SFRSYM    DATA     BIT       EX1
      00000088H.2 SFRSYM    DATA     BIT       IT1
      000000CDH   SFRSYM    DATA     BYTE      TH2
      000000D0H.0 SFRSYM    DATA     BIT       P
      00000098H.7 SFRSYM    DATA     BIT       SM0
      0000008AH   SFRSYM    DATA     BYTE      TL0
      00000098H.6 SFRSYM    DATA     BIT       SM1
      0000008BH   SFRSYM    DATA     BYTE      TL1
      00000098H.5 SFRSYM    DATA     BIT       SM2
      000000CCH   SFRSYM    DATA     BYTE      TL2
      000000B0H.6 SFRSYM    DATA     BIT       IR_RECEIVER
      000000B8H.1 SFRSYM    DATA     BIT       PT0
      000000B8H.3 SFRSYM    DATA     BIT       PT1
      000000D0H.3 SFRSYM    DATA     BIT       RS0
      000000B8H.5 SFRSYM    DATA     BIT       PT2
      00000088H.4 SFRSYM    DATA     BIT       TR0
      000000D0H.4 SFRSYM    DATA     BIT       RS1
      00000088H.6 SFRSYM    DATA     BIT       TR1
      000000C8H.2 SFRSYM    DATA     BIT       TR2
      000000B8H.0 SFRSYM    DATA     BIT       PX0
LX51 LINKER/LOCATER V4.66.100.0                                                       10/08/2025  22:35:41  PAGE 14


      000000B8H.2 SFRSYM    DATA     BIT       PX1
      00000083H   SFRSYM    DATA     BYTE      DPH
      00000082H   SFRSYM    DATA     BYTE      DPL
      000000C8H.3 SFRSYM    DATA     BIT       EXEN2
      00000098H.4 SFRSYM    DATA     BIT       REN
      000000C8H   SFRSYM    DATA     BYTE      T2CON
      000000B0H.0 SFRSYM    DATA     BIT       RXD
      00000080H.0 SFRSYM    DATA     BIT       KEY_UP
      000000B0H.1 SFRSYM    DATA     BIT       TXD
      000000D0H.5 SFRSYM    DATA     BIT       F0
      000000D0H   SFRSYM    DATA     BYTE      PSW
      00000009H   SYMBOL    DATA     BYTE      manualMode
      0000000AH   SYMBOL    DATA     BYTE      ewRedTime
      0000000DH   SYMBOL    DATA     BYTE      nsRedTime
      0000000EH   SYMBOL    DATA     BYTE      globalTimeLeft
      0000001AH   SYMBOL    DATA     BYTE      ewGreenTime
      0000001BH   SYMBOL    DATA     BYTE      nsGreenTime
      0000001CH   SYMBOL    DATA     BYTE      ewYellowTime
      0000001DH   SYMBOL    DATA     BYTE      nsYellowTime
      0000001EH   SYMBOL    DATA     WORD      blinkCounter
      00000020H   SYMBOL    DATA     BYTE      globalState

      0100033BH   BLOCK     CODE     ---       LVL=0
      00000007H   SYMBOL    DATA     BYTE      state
      0100033BH   LINE      CODE     ---       #60
      0100033BH   LINE      CODE     ---       #61
      0100033BH   LINE      CODE     ---       #63
      01000341H   LINE      CODE     ---       #64
      01000347H   LINE      CODE     ---       #67
      01000355H   LINE      CODE     ---       #68
      01000355H   LINE      CODE     ---       #69
      01000357H   LINE      CODE     ---       #70
      01000359H   LINE      CODE     ---       #71
      0100035AH   LINE      CODE     ---       #73
      0100035AH   LINE      CODE     ---       #74
      0100035CH   LINE      CODE     ---       #75
      0100035EH   LINE      CODE     ---       #76
      0100035FH   LINE      CODE     ---       #78
      0100035FH   LINE      CODE     ---       #79
      01000361H   LINE      CODE     ---       #80
      01000363H   LINE      CODE     ---       #81
      01000364H   LINE      CODE     ---       #83
      01000364H   LINE      CODE     ---       #84
      01000366H   LINE      CODE     ---       #85
      01000368H   LINE      CODE     ---       #86
      01000369H   LINE      CODE     ---       #88
      01000369H   LINE      CODE     ---       #90
      0100036BH   LINE      CODE     ---       #91
      0100036DH   LINE      CODE     ---       #92
      0100036DH   LINE      CODE     ---       #93
      0100036DH   LINE      CODE     ---       #94
      ---         BLOCKEND  ---      ---       LVL=0

      01000395H   BLOCK     CODE     ---       LVL=0
      01000395H   LINE      CODE     ---       #102
      01000395H   LINE      CODE     ---       #103
      01000395H   LINE      CODE     ---       #105
      010003A2H   LINE      CODE     ---       #106
      010003A5H   LINE      CODE     ---       #109
      010003B1H   LINE      CODE     ---       #127
      010003B1H   LINE      CODE     ---       #128
      010003B2H   LINE      CODE     ---       #129
      010003B5H   LINE      CODE     ---       #130
      010003B5H   LINE      CODE     ---       #131
      ---         BLOCKEND  ---      ---       LVL=0
LX51 LINKER/LOCATER V4.66.100.0                                                       10/08/2025  22:35:41  PAGE 15



      010003D6H   BLOCK     CODE     ---       LVL=0
      010003D6H   LINE      CODE     ---       #138
      010003D6H   LINE      CODE     ---       #139
      010003D6H   LINE      CODE     ---       #141
      010003DDH   LINE      CODE     ---       #144
      010003E6H   LINE      CODE     ---       #147
      010003EAH   LINE      CODE     ---       #150
      010003EDH   LINE      CODE     ---       #153
      010003EFH   LINE      CODE     ---       #154
      010003F1H   LINE      CODE     ---       #155
      ---         BLOCKEND  ---      ---       LVL=0

      010003B6H   BLOCK     CODE     ---       LVL=0
      010003B6H   LINE      CODE     ---       #166
      010003B6H   LINE      CODE     ---       #167
      010003B6H   LINE      CODE     ---       #169
      010003B9H   LINE      CODE     ---       #170
      010003BCH   LINE      CODE     ---       #173
      010003BFH   LINE      CODE     ---       #174
      010003C2H   LINE      CODE     ---       #177
      010003C4H   LINE      CODE     ---       #180
      010003C6H   LINE      CODE     ---       #181
      010003C8H   LINE      CODE     ---       #182
      010003CAH   LINE      CODE     ---       #185
      010003CCH   LINE      CODE     ---       #188
      010003D1H   LINE      CODE     ---       #189
      010003D5H   LINE      CODE     ---       #190
      ---         BLOCKEND  ---      ---       LVL=0

      010001DDH   BLOCK     CODE     ---       LVL=0
      010001DDH   LINE      CODE     ---       #203
      010001FAH   LINE      CODE     ---       #209
      010001FDH   LINE      CODE     ---       #210
      01000200H   LINE      CODE     ---       #213
      01000208H   LINE      CODE     ---       #214
      01000210H   LINE      CODE     ---       #221
      01000216H   LINE      CODE     ---       #227
      01000224H   LINE      CODE     ---       #228
      01000226H   LINE      CODE     ---       #229
      01000226H   LINE      CODE     ---       #235
      01000231H   LINE      CODE     ---       #236
      01000237H   LINE      CODE     ---       #239
      0100023BH   LINE      CODE     ---       #241
      01000242H   LINE      CODE     ---       #242
      01000244H   LINE      CODE     ---       #243
      01000244H   LINE      CODE     ---       #245
      01000248H   LINE      CODE     ---       #246
      0100024AH   LINE      CODE     ---       #247
      0100024AH   LINE      CODE     ---       #248
      0100024AH   LINE      CODE     ---       #249
      0100024AH   LINE      CODE     ---       #250
      ---         BLOCKEND  ---      ---       LVL=0

      01000444H   BLOCK     CODE     ---       LVL=0
      01000444H   LINE      CODE     ---       #255
      01000444H   LINE      CODE     ---       #256
      01000444H   LINE      CODE     ---       #262
      01000447H   LINE      CODE     ---       #263
      0100044AH   LINE      CODE     ---       #264
      0100044DH   LINE      CODE     ---       #265
      01000450H   LINE      CODE     ---       #266
      ---         BLOCKEND  ---      ---       LVL=0

      0100036EH   BLOCK     CODE     ---       LVL=0
LX51 LINKER/LOCATER V4.66.100.0                                                       10/08/2025  22:35:41  PAGE 16


      0100036EH   LINE      CODE     ---       #268
      0100036EH   LINE      CODE     ---       #269
      0100036EH   LINE      CODE     ---       #272
      01000374H   LINE      CODE     ---       #273
      0100037AH   LINE      CODE     ---       #275
      01000386H   LINE      CODE     ---       #276
      01000386H   LINE      CODE     ---       #277
      0100038BH   LINE      CODE     ---       #278
      0100038BH   LINE      CODE     ---       #279
      01000390H   LINE      CODE     ---       #280
      01000390H   LINE      CODE     ---       #281
      01000394H   LINE      CODE     ---       #282
      01000394H   LINE      CODE     ---       #283
      01000394H   LINE      CODE     ---       #284
      01000394H   LINE      CODE     ---       #285
      ---         BLOCKEND  ---      ---       LVL=0

      ---         MODULE    ---      ---       TIMER
      00000043H   PUBLIC    DATA     WORD      systemTime_s
      010002CAH   PUBLIC    CODE     ---       _Test_DelayAccuracy
      0100045CH   PUBLIC    CODE     ---       Reset_SystemTime
      01000462H   PUBLIC    CODE     ---       Get_SystemTime_s
      01000421H   PUBLIC    CODE     ---       _Delay_s
      01000435H   PUBLIC    CODE     ---       _Delay_us
      010003F2H   PUBLIC    CODE     ---       _Delay_ms
      00000080H   SFRSYM    DATA     BYTE      P0
      00000090H   SFRSYM    DATA     BYTE      P1
      000000A0H   SFRSYM    DATA     BYTE      P2
      000000B0H   SFRSYM    DATA     BYTE      P3
      00000080H.1 SFRSYM    DATA     BIT       KEY_DOWN
      000000B0H.4 SFRSYM    DATA     BIT       T0
      000000D0H.6 SFRSYM    DATA     BIT       AC
      000000B0H.5 SFRSYM    DATA     BIT       T1
      00000090H.0 SFRSYM    DATA     BIT       T2
      000000A8H.7 SFRSYM    DATA     BIT       EA
      000000A0H.6 SFRSYM    DATA     BIT       DISPLAY_COM1
      000000A0H.7 SFRSYM    DATA     BIT       DISPLAY_COM2
      000000A8H   SFRSYM    DATA     BYTE      IE
      000000B0H.7 SFRSYM    DATA     BIT       DEBUG_STATE_PIN
      000000B0H.6 SFRSYM    DATA     BIT       DEBUG_1S_PIN
      000000C8H.6 SFRSYM    DATA     BIT       EXF2
      000000B0H.7 SFRSYM    DATA     BIT       RD
      000000A8H.4 SFRSYM    DATA     BIT       ES
      000000B8H   SFRSYM    DATA     BYTE      IP
      00000098H.0 SFRSYM    DATA     BIT       RI
      000000B0H.2 SFRSYM    DATA     BIT       INT0
      000000D0H.7 SFRSYM    DATA     BIT       CY
      00000098H.1 SFRSYM    DATA     BIT       TI
      000000B0H.3 SFRSYM    DATA     BIT       INT1
      000000A0H.3 SFRSYM    DATA     BIT       EW_RED_PIN
      000000CBH   SFRSYM    DATA     BYTE      RCAP2H
      000000B8H.4 SFRSYM    DATA     BIT       PS
      00000081H   SFRSYM    DATA     BYTE      SP
      000000A0H.4 SFRSYM    DATA     BIT       EW_YELLOW_PIN
      00000090H.1 SFRSYM    DATA     BIT       T2EX
      000000D0H.2 SFRSYM    DATA     BIT       OV
      000000A0H.0 SFRSYM    DATA     BIT       NS_RED_PIN
      000000CAH   SFRSYM    DATA     BYTE      RCAP2L
      000000A0H.1 SFRSYM    DATA     BIT       NS_YELLOW_PIN
      000000C8H.1 SFRSYM    DATA     BIT       C_T2
      000000B0H.6 SFRSYM    DATA     BIT       WR
      00000080H.3 SFRSYM    DATA     BIT       BUZZER_PIN
      000000C8H.5 SFRSYM    DATA     BIT       RCLK
      000000C8H.4 SFRSYM    DATA     BIT       TCLK
      00000099H   SFRSYM    DATA     BYTE      SBUF
LX51 LINKER/LOCATER V4.66.100.0                                                       10/08/2025  22:35:41  PAGE 17


      00000087H   SFRSYM    DATA     BYTE      PCON
      00000098H   SFRSYM    DATA     BYTE      SCON
      00000089H   SFRSYM    DATA     BYTE      TMOD
      00000088H   SFRSYM    DATA     BYTE      TCON
      000000A0H.5 SFRSYM    DATA     BIT       EW_GREEN_PIN
      000000A0H.2 SFRSYM    DATA     BIT       NS_GREEN_PIN
      00000080H.2 SFRSYM    DATA     BIT       KEY_SET_MODE
      00000088H.1 SFRSYM    DATA     BIT       IE0
      00000088H.3 SFRSYM    DATA     BIT       IE1
      000000F0H   SFRSYM    DATA     BYTE      B
      000000C8H.0 SFRSYM    DATA     BIT       CP_RL2
      000000B0H.4 SFRSYM    DATA     BIT       BLUETOOTH_RX
      000000B0H.5 SFRSYM    DATA     BIT       BLUETOOTH_TX
      000000E0H   SFRSYM    DATA     BYTE      ACC
      000000A8H.1 SFRSYM    DATA     BIT       ET0
      000000B0H.6 SFRSYM    DATA     BIT       IR_RECEIVE_PIN
      000000A8H.3 SFRSYM    DATA     BIT       ET1
      00000088H.5 SFRSYM    DATA     BIT       TF0
      000000A8H.5 SFRSYM    DATA     BIT       ET2
      00000088H.7 SFRSYM    DATA     BIT       TF1
      000000C8H.7 SFRSYM    DATA     BIT       TF2
      00000098H.2 SFRSYM    DATA     BIT       RB8
      0000008CH   SFRSYM    DATA     BYTE      TH0
      000000A8H.0 SFRSYM    DATA     BIT       EX0
      00000088H.0 SFRSYM    DATA     BIT       IT0
      0000008DH   SFRSYM    DATA     BYTE      TH1
      00000098H.3 SFRSYM    DATA     BIT       TB8
      000000A8H.2 SFRSYM    DATA     BIT       EX1
      00000088H.2 SFRSYM    DATA     BIT       IT1
      000000CDH   SFRSYM    DATA     BYTE      TH2
      000000D0H.0 SFRSYM    DATA     BIT       P
      00000098H.7 SFRSYM    DATA     BIT       SM0
      0000008AH   SFRSYM    DATA     BYTE      TL0
      00000098H.6 SFRSYM    DATA     BIT       SM1
      0000008BH   SFRSYM    DATA     BYTE      TL1
      00000098H.5 SFRSYM    DATA     BIT       SM2
      000000CCH   SFRSYM    DATA     BYTE      TL2
      000000B0H.6 SFRSYM    DATA     BIT       IR_RECEIVER
      000000B8H.1 SFRSYM    DATA     BIT       PT0
      000000B8H.3 SFRSYM    DATA     BIT       PT1
      000000D0H.3 SFRSYM    DATA     BIT       RS0
      000000B8H.5 SFRSYM    DATA     BIT       PT2
      00000088H.4 SFRSYM    DATA     BIT       TR0
      000000D0H.4 SFRSYM    DATA     BIT       RS1
      00000088H.6 SFRSYM    DATA     BIT       TR1
      000000C8H.2 SFRSYM    DATA     BIT       TR2
      000000B8H.0 SFRSYM    DATA     BIT       PX0
      000000B8H.2 SFRSYM    DATA     BIT       PX1
      00000083H   SFRSYM    DATA     BYTE      DPH
      00000082H   SFRSYM    DATA     BYTE      DPL
      000000C8H.3 SFRSYM    DATA     BIT       EXEN2
      00000098H.4 SFRSYM    DATA     BIT       REN
      000000C8H   SFRSYM    DATA     BYTE      T2CON
      000000B0H.0 SFRSYM    DATA     BIT       RXD
      00000080H.0 SFRSYM    DATA     BIT       KEY_UP
      000000B0H.1 SFRSYM    DATA     BIT       TXD
      000000D0H.5 SFRSYM    DATA     BIT       F0
      000000D0H   SFRSYM    DATA     BYTE      PSW
      01000451H   SYMBOL    CODE     ---       Delay_1ms

      01000451H   BLOCK     CODE     ---       LVL=0
      01000451H   BLOCK     CODE     NEAR LAB  LVL=1
      00000007H   SYMBOL    DATA     BYTE      i
      00000006H   SYMBOL    DATA     BYTE      j
      ---         BLOCKEND  ---      ---       LVL=1
LX51 LINKER/LOCATER V4.66.100.0                                                       10/08/2025  22:35:41  PAGE 18


      01000451H   LINE      CODE     ---       #28
      01000451H   LINE      CODE     ---       #29
      01000451H   LINE      CODE     ---       #35
      01000452H   LINE      CODE     ---       #36
      01000453H   LINE      CODE     ---       #37
      01000455H   LINE      CODE     ---       #38
      01000457H   LINE      CODE     ---       #39
      01000457H   LINE      CODE     ---       #40
      01000459H   LINE      CODE     ---       #41
      0100045BH   LINE      CODE     ---       #42
      ---         BLOCKEND  ---      ---       LVL=0

      010003F2H   BLOCK     CODE     ---       LVL=0
      00000004H   SYMBOL    DATA     WORD      ms
      010003F6H   BLOCK     CODE     NEAR LAB  LVL=1
      00000002H   SYMBOL    DATA     WORD      i
      ---         BLOCKEND  ---      ---       LVL=1
      010003F2H   LINE      CODE     ---       #49
      010003F6H   LINE      CODE     ---       #50
      010003F6H   LINE      CODE     ---       #52
      01000400H   LINE      CODE     ---       #53
      01000402H   LINE      CODE     ---       #54
      01000409H   LINE      CODE     ---       #55
      ---         BLOCKEND  ---      ---       LVL=0

      01000435H   BLOCK     CODE     ---       LVL=0
      00000006H   SYMBOL    DATA     WORD      us
      01000435H   LINE      CODE     ---       #64
      01000435H   LINE      CODE     ---       #65
      01000435H   LINE      CODE     ---       #66
      0100043FH   LINE      CODE     ---       #67
      01000440H   LINE      CODE     ---       #68
      01000441H   LINE      CODE     ---       #69
      01000443H   LINE      CODE     ---       #70
      ---         BLOCKEND  ---      ---       LVL=0

      01000421H   BLOCK     CODE     ---       LVL=0
      00000045H   SYMBOL    DATA     BYTE      sec
      01000423H   BLOCK     CODE     NEAR LAB  LVL=1
      00000001H   SYMBOL    DATA     BYTE      i
      ---         BLOCKEND  ---      ---       LVL=1
      01000421H   LINE      CODE     ---       #77
      01000423H   LINE      CODE     ---       #78
      01000423H   LINE      CODE     ---       #80
      0100042BH   LINE      CODE     ---       #81
      01000431H   LINE      CODE     ---       #82
      01000434H   LINE      CODE     ---       #83
      ---         BLOCKEND  ---      ---       LVL=0

      01000462H   BLOCK     CODE     ---       LVL=0
      01000462H   LINE      CODE     ---       #94
      01000462H   LINE      CODE     ---       #95
      01000462H   LINE      CODE     ---       #96
      01000466H   LINE      CODE     ---       #97
      ---         BLOCKEND  ---      ---       LVL=0

      0100045CH   BLOCK     CODE     ---       LVL=0
      0100045CH   LINE      CODE     ---       #104
      0100045CH   LINE      CODE     ---       #105
      0100045CH   LINE      CODE     ---       #106
      01000461H   LINE      CODE     ---       #107
      ---         BLOCKEND  ---      ---       LVL=0

      010002CAH   BLOCK     CODE     ---       LVL=0
      00000007H   SYMBOL    DATA     BYTE      testSeconds
LX51 LINKER/LOCATER V4.66.100.0                                                       10/08/2025  22:35:41  PAGE 19


      010002CAH   BLOCK     CODE     NEAR LAB  LVL=1
      00000041H   SYMBOL    DATA     BYTE      count
      010002E1H   BLOCK     CODE     NEAR LAB  LVL=2
      00000042H   SYMBOL    DATA     BYTE      i
      ---         BLOCKEND  ---      ---       LVL=2
      ---         BLOCKEND  ---      ---       LVL=1
      010002CAH   LINE      CODE     ---       #120
      010002CAH   LINE      CODE     ---       #121
      010002CAH   LINE      CODE     ---       #126
      010002D2H   LINE      CODE     ---       #129
      010002DBH   LINE      CODE     ---       #131
      010002E1H   LINE      CODE     ---       #134
      010002E1H   LINE      CODE     ---       #136
      010002E4H   LINE      CODE     ---       #137
      010002EAH   LINE      CODE     ---       #138
      010002F0H   LINE      CODE     ---       #139
      010002F9H   LINE      CODE     ---       #140
      010002F9H   LINE      CODE     ---       #141
      010002FDH   LINE      CODE     ---       #144
      01000302H   LINE      CODE     ---       #145
      ---         BLOCKEND  ---      ---       LVL=0

      ---         MODULE    ---      ---       ?C_INIT
      010004AEH   PUBLIC    CODE     ---       ?C_START

      ---         MODULE    ---      ---       ?C?UIDIV
      0100056EH   PUBLIC    CODE     ---       ?C?UIDIV



*** WARNING L57: UNCALLED FUNCTION, IGNORED FOR OVERLAY PROCESS
    NAME:    _DISPLAY_SHOWTIME_1S/DISPLAY

*** WARNING L57: UNCALLED FUNCTION, IGNORED FOR OVERLAY PROCESS
    NAME:    HANDLETRAFFICLIGHTFLASH/TRAFFIC_LIGHT

*** WARNING L57: UNCALLED FUNCTION, IGNORED FOR OVERLAY PROCESS
    NAME:    _DELAY_US/TIMER

*** WARNING L57: UNCALLED FUNCTION, IGNORED FOR OVERLAY PROCESS
    NAME:    _DELAY_S/TIMER

*** WARNING L57: UNCALLED FUNCTION, IGNORED FOR OVERLAY PROCESS
    NAME:    GET_SYSTEMTIME_S/TIMER

*** WARNING L57: UNCALLED FUNCTION, IGNORED FOR OVERLAY PROCESS
    NAME:    RESET_SYSTEMTIME/TIMER

*** WARNING L57: UNCALLED FUNCTION, IGNORED FOR OVERLAY PROCESS
    NAME:    _TEST_DELAYACCURACY/TIMER

Program Size: data=71.0 xdata=0 const=0 code=1475
LX51 RUN COMPLETE.  7 WARNING(S),  0 ERROR(S)
